Expected exception on oppposite pull (1)
Expected exception on oppposite pull (2)
Expected exception on multiple output points
Expected exception on unknown state
