Dumping the root directory of an empty VFS:
Entering /
Leaving /
Done.
