[START] read from block device at block # 0 Size: 512
[FAIL] read from block device at block # 0
[START] write to block device at block # 1 Size: 512
[FAIL] write to block device at block # 1 - Data:
0000_0000_0000_0200: 00 00 00 00 00 00 00 00 00 00 00 00 00 00 00 00 ................
0000_0000_0000_0210: 00 00 00 00 00 00 00 00 00 00 00 00 00 00 00 00 ................
0000_0000_0000_0220: 00 00 00 00 00 00 00 00 00 00 00 00 00 00 00 00 ................
0000_0000_0000_0230: 00 00 00 00 00 00 00 00 00 00 00 00 00 00 00 00 ................
0000_0000_0000_0240: 00 00 00 00 00 00 00 00 00 00 00 00 00 00 00 00 ................
0000_0000_0000_0250: 00 00 00 00 00 00 00 00 00 00 00 00 00 00 00 00 ................
0000_0000_0000_0260: 00 00 00 00 00 00 00 00 00 00 00 00 00 00 00 00 ................
0000_0000_0000_0270: 00 00 00 00 00 00 00 00 00 00 00 00 00 00 00 00 ................
0000_0000_0000_0280: 00 00 00 00 00 00 00 00 00 00 00 00 00 00 00 00 ................
0000_0000_0000_0290: 00 00 00 00 00 00 00 00 00 00 00 00 00 00 00 00 ................
0000_0000_0000_02A0: 00 00 00 00 00 00 00 00 00 00 00 00 00 00 00 00 ................
0000_0000_0000_02B0: 00 00 00 00 00 00 00 00 00 00 00 00 00 00 00 00 ................
0000_0000_0000_02C0: 00 00 00 00 00 00 00 00 00 00 00 00 00 00 00 00 ................
0000_0000_0000_02D0: 00 00 00 00 00 00 00 00 00 00 00 00 00 00 00 00 ................
0000_0000_0000_02E0: 00 00 00 00 00 00 00 00 00 00 00 00 00 00 00 00 ................
0000_0000_0000_02F0: 00 00 00 00 00 00 00 00 00 00 00 00 00 00 00 00 ................
0000_0000_0000_0300: 00 00 00 00 00 00 00 00 00 00 00 00 00 00 00 00 ................
0000_0000_0000_0310: 00 00 00 00 00 00 00 00 00 00 00 00 00 00 00 00 ................
0000_0000_0000_0320: 00 00 00 00 00 00 00 00 00 00 00 00 00 00 00 00 ................
0000_0000_0000_0330: 00 00 00 00 00 00 00 00 00 00 00 00 00 00 00 00 ................
0000_0000_0000_0340: 00 00 00 00 00 00 00 00 00 00 00 00 00 00 00 00 ................
0000_0000_0000_0350: 00 00 00 00 00 00 00 00 00 00 00 00 00 00 00 00 ................
0000_0000_0000_0360: 00 00 00 00 00 00 00 00 00 00 00 00 00 00 00 00 ................
0000_0000_0000_0370: 00 00 00 00 00 00 00 00 00 00 00 00 00 00 00 00 ................
0000_0000_0000_0380: 00 00 00 00 00 00 00 00 00 00 00 00 00 00 00 00 ................
0000_0000_0000_0390: 00 00 00 00 00 00 00 00 00 00 00 00 00 00 00 00 ................
0000_0000_0000_03A0: 00 00 00 00 00 00 00 00 00 00 00 00 00 00 00 00 ................
0000_0000_0000_03B0: 00 00 00 00 00 00 00 00 00 00 00 00 00 00 00 00 ................
0000_0000_0000_03C0: 00 00 00 00 00 00 00 00 00 00 00 00 00 00 00 00 ................
0000_0000_0000_03D0: 00 00 00 00 00 00 00 00 00 00 00 00 00 00 00 00 ................
0000_0000_0000_03E0: 00 00 00 00 00 00 00 00 00 00 00 00 00 00 00 00 ................
0000_0000_0000_03F0: 00 00 00 00 00 00 00 00 00 00 00 00 00 00 00 00 ................
[START] read from block device at block # 2 Size: 512
[OK] read from block device at block # 2 - Data:
0000_0000_0000_0400: DE DE DE DE DE DE DE DE DE DE DE DE DE DE DE DE ................
0000_0000_0000_0410: DE DE DE DE DE DE DE DE DE DE DE DE DE DE DE DE ................
0000_0000_0000_0420: DE DE DE DE DE DE DE DE DE DE DE DE DE DE DE DE ................
0000_0000_0000_0430: DE DE DE DE DE DE DE DE DE DE DE DE DE DE DE DE ................
0000_0000_0000_0440: DE DE DE DE DE DE DE DE DE DE DE DE DE DE DE DE ................
0000_0000_0000_0450: DE DE DE DE DE DE DE DE DE DE DE DE DE DE DE DE ................
0000_0000_0000_0460: DE DE DE DE DE DE DE DE DE DE DE DE DE DE DE DE ................
0000_0000_0000_0470: DE DE DE DE DE DE DE DE DE DE DE DE DE DE DE DE ................
0000_0000_0000_0480: DE DE DE DE DE DE DE DE DE DE DE DE DE DE DE DE ................
0000_0000_0000_0490: DE DE DE DE DE DE DE DE DE DE DE DE DE DE DE DE ................
0000_0000_0000_04A0: DE DE DE DE DE DE DE DE DE DE DE DE DE DE DE DE ................
0000_0000_0000_04B0: DE DE DE DE DE DE DE DE DE DE DE DE DE DE DE DE ................
0000_0000_0000_04C0: DE DE DE DE DE DE DE DE DE DE DE DE DE DE DE DE ................
0000_0000_0000_04D0: DE DE DE DE DE DE DE DE DE DE DE DE DE DE DE DE ................
0000_0000_0000_04E0: DE DE DE DE DE DE DE DE DE DE DE DE DE DE DE DE ................
0000_0000_0000_04F0: DE DE DE DE DE DE DE DE DE DE DE DE DE DE DE DE ................
0000_0000_0000_0500: DE DE DE DE DE DE DE DE DE DE DE DE DE DE DE DE ................
0000_0000_0000_0510: DE DE DE DE DE DE DE DE DE DE DE DE DE DE DE DE ................
0000_0000_0000_0520: DE DE DE DE DE DE DE DE DE DE DE DE DE DE DE DE ................
0000_0000_0000_0530: DE DE DE DE DE DE DE DE DE DE DE DE DE DE DE DE ................
0000_0000_0000_0540: DE DE DE DE DE DE DE DE DE DE DE DE DE DE DE DE ................
0000_0000_0000_0550: DE DE DE DE DE DE DE DE DE DE DE DE DE DE DE DE ................
0000_0000_0000_0560: DE DE DE DE DE DE DE DE DE DE DE DE DE DE DE DE ................
0000_0000_0000_0570: DE DE DE DE DE DE DE DE DE DE DE DE DE DE DE DE ................
0000_0000_0000_0580: DE DE DE DE DE DE DE DE DE DE DE DE DE DE DE DE ................
0000_0000_0000_0590: DE DE DE DE DE DE DE DE DE DE DE DE DE DE DE DE ................
0000_0000_0000_05A0: DE DE DE DE DE DE DE DE DE DE DE DE DE DE DE DE ................
0000_0000_0000_05B0: DE DE DE DE DE DE DE DE DE DE DE DE DE DE DE DE ................
0000_0000_0000_05C0: DE DE DE DE DE DE DE DE DE DE DE DE DE DE DE DE ................
0000_0000_0000_05D0: DE DE DE DE DE DE DE DE DE DE DE DE DE DE DE DE ................
0000_0000_0000_05E0: DE DE DE DE DE DE DE DE DE DE DE DE DE DE DE DE ................
0000_0000_0000_05F0: DE DE DE DE DE DE DE DE DE DE DE DE DE DE DE DE ................
[START] write to block device at block # 3 Size: 512
[OK] write to block device at block # 3 - Data:
0000_0000_0000_0600: DE DE DE DE DE DE DE DE DE DE DE DE DE DE DE DE ................
0000_0000_0000_0610: DE DE DE DE DE DE DE DE DE DE DE DE DE DE DE DE ................
0000_0000_0000_0620: DE DE DE DE DE DE DE DE DE DE DE DE DE DE DE DE ................
0000_0000_0000_0630: DE DE DE DE DE DE DE DE DE DE DE DE DE DE DE DE ................
0000_0000_0000_0640: DE DE DE DE DE DE DE DE DE DE DE DE DE DE DE DE ................
0000_0000_0000_0650: DE DE DE DE DE DE DE DE DE DE DE DE DE DE DE DE ................
0000_0000_0000_0660: DE DE DE DE DE DE DE DE DE DE DE DE DE DE DE DE ................
0000_0000_0000_0670: DE DE DE DE DE DE DE DE DE DE DE DE DE DE DE DE ................
0000_0000_0000_0680: DE DE DE DE DE DE DE DE DE DE DE DE DE DE DE DE ................
0000_0000_0000_0690: DE DE DE DE DE DE DE DE DE DE DE DE DE DE DE DE ................
0000_0000_0000_06A0: DE DE DE DE DE DE DE DE DE DE DE DE DE DE DE DE ................
0000_0000_0000_06B0: DE DE DE DE DE DE DE DE DE DE DE DE DE DE DE DE ................
0000_0000_0000_06C0: DE DE DE DE DE DE DE DE DE DE DE DE DE DE DE DE ................
0000_0000_0000_06D0: DE DE DE DE DE DE DE DE DE DE DE DE DE DE DE DE ................
0000_0000_0000_06E0: DE DE DE DE DE DE DE DE DE DE DE DE DE DE DE DE ................
0000_0000_0000_06F0: DE DE DE DE DE DE DE DE DE DE DE DE DE DE DE DE ................
0000_0000_0000_0700: DE DE DE DE DE DE DE DE DE DE DE DE DE DE DE DE ................
0000_0000_0000_0710: DE DE DE DE DE DE DE DE DE DE DE DE DE DE DE DE ................
0000_0000_0000_0720: DE DE DE DE DE DE DE DE DE DE DE DE DE DE DE DE ................
0000_0000_0000_0730: DE DE DE DE DE DE DE DE DE DE DE DE DE DE DE DE ................
0000_0000_0000_0740: DE DE DE DE DE DE DE DE DE DE DE DE DE DE DE DE ................
0000_0000_0000_0750: DE DE DE DE DE DE DE DE DE DE DE DE DE DE DE DE ................
0000_0000_0000_0760: DE DE DE DE DE DE DE DE DE DE DE DE DE DE DE DE ................
0000_0000_0000_0770: DE DE DE DE DE DE DE DE DE DE DE DE DE DE DE DE ................
0000_0000_0000_0780: DE DE DE DE DE DE DE DE DE DE DE DE DE DE DE DE ................
0000_0000_0000_0790: DE DE DE DE DE DE DE DE DE DE DE DE DE DE DE DE ................
0000_0000_0000_07A0: DE DE DE DE DE DE DE DE DE DE DE DE DE DE DE DE ................
0000_0000_0000_07B0: DE DE DE DE DE DE DE DE DE DE DE DE DE DE DE DE ................
0000_0000_0000_07C0: DE DE DE DE DE DE DE DE DE DE DE DE DE DE DE DE ................
0000_0000_0000_07D0: DE DE DE DE DE DE DE DE DE DE DE DE DE DE DE DE ................
0000_0000_0000_07E0: DE DE DE DE DE DE DE DE DE DE DE DE DE DE DE DE ................
0000_0000_0000_07F0: DE DE DE DE DE DE DE DE DE DE DE DE DE DE DE DE ................
